// Jest Snapshot v1, https://goo.gl/fbAQLP

exports[`Forms Form Renders Correctly 1`] = `null`;

exports[`Forms Login Form Renders Correctly 1`] = `null`;

exports[`Forms Register Form Renders Correctly 1`] = `null`;

exports[`Typography H1 Renders Correctly 1`] = `null`;

exports[`Typography H2 Renders Correctly 1`] = `null`;

exports[`Typography H3 Renders Correctly 1`] = `null`;
