// Jest Snapshot v1, https://goo.gl/fbAQLP

exports[`Button Render correctly 1`] = `
Array [
  <style
    dangerouslySetInnerHTML={
      Object {
        "__html": ".css-17lxpr6{margin-top:2rem;width:200px;height:45px;border:1px solid #ff846e;background:#fff;color:#ff846e;border-radius:8px;-webkit-transition:all 0.1s;transition:all 0.1s;cursor:pointer;}.css-17lxpr6 button{background:transparent;border:0;}.css-17lxpr6 a{-webkit-text-decoration:none;text-decoration:none;color:#fff;}.css-17lxpr6 a:hover{color:#ff846e;}.css-17lxpr6:hover{background:#ff846e;color:#fff;}",
      }
    }
    data-emotion-css="17lxpr6"
  />,
  <button
    className="css-17lxpr6"
  >
    sample button
  </button>,
]
`;
